09:05:53 | Using CUDA device: cuda:0 (NVIDIA GeForce RTX 3050 6GB Laptop GPU)
09:05:53 | Preparing bangalore city config and road network...
09:05:58 | 
Training: Full QMIX
09:06:14 | [Full QMIX | train ep1/3000] J=268.3 OT=46.2% eps=0.9990
09:11:00 | [Full QMIX | train ep25/3000] J=442.7 OT=61.1% eps=0.9753
09:15:53 | [Full QMIX | train ep50/3000] J=448.9 OT=58.6% eps=0.9512
09:25:29 | [Full QMIX | train ep75/3000] J=490.8 OT=59.2% eps=0.9277
09:38:41 | [Full QMIX | train ep100/3000] J=476.0 OT=58.6% eps=0.9048
09:53:43 | [Full QMIX | train ep125/3000] J=482.7 OT=58.7% eps=0.8824
10:06:57 | [Full QMIX | train ep150/3000] J=478.7 OT=59.6% eps=0.8606
10:34:02 | [Full QMIX | train ep175/3000] J=447.2 OT=59.7% eps=0.8394
11:03:07 | [Full QMIX | train ep200/3000] J=428.9 OT=60.8% eps=0.8186
11:21:11 | [Full QMIX | train ep225/3000] J=406.0 OT=60.9% eps=0.7984
11:41:19 | [Full QMIX | train ep250/3000] J=406.7 OT=61.1% eps=0.7787
12:06:15 | [Full QMIX | train ep275/3000] J=396.5 OT=60.6% eps=0.7595
12:20:35 | [Full QMIX | train ep300/3000] J=395.9 OT=60.4% eps=0.7407
12:33:07 | [Full QMIX | train ep325/3000] J=385.8 OT=59.9% eps=0.7224
12:44:11 | [Full QMIX | train ep350/3000] J=390.5 OT=59.2% eps=0.7046
12:55:01 | [Full QMIX | train ep375/3000] J=402.8 OT=59.2% eps=0.6872
13:01:04 | [Full QMIX | train ep400/3000] J=394.0 OT=59.9% eps=0.6702
13:07:32 | [Full QMIX | train ep425/3000] J=412.9 OT=61.3% eps=0.6536
13:13:21 | [Full QMIX | train ep450/3000] J=400.1 OT=62.5% eps=0.6375
13:19:46 | [Full QMIX | train ep475/3000] J=394.1 OT=64.8% eps=0.6217
13:25:28 | [Full QMIX | train ep500/3000] J=412.5 OT=64.5% eps=0.6064
13:30:41 | [Full QMIX | train ep525/3000] J=405.7 OT=62.6% eps=0.5914
13:35:45 | [Full QMIX | train ep550/3000] J=396.6 OT=62.6% eps=0.5768
13:40:58 | [Full QMIX | train ep575/3000] J=372.5 OT=61.8% eps=0.5625
13:46:13 | [Full QMIX | train ep600/3000] J=353.1 OT=63.3% eps=0.5486
13:51:11 | [Full QMIX | train ep625/3000] J=337.7 OT=64.8% eps=0.5351
13:56:46 | [Full QMIX | train ep650/3000] J=332.1 OT=65.1% eps=0.5219
14:01:57 | [Full QMIX | train ep675/3000] J=322.0 OT=65.7% eps=0.5090
14:06:55 | [Full QMIX | train ep700/3000] J=320.6 OT=66.2% eps=0.4964
14:12:28 | [Full QMIX | train ep725/3000] J=338.9 OT=66.1% eps=0.4841
14:17:31 | [Full QMIX | train ep750/3000] J=368.1 OT=65.4% eps=0.4722
14:22:46 | [Full QMIX | train ep775/3000] J=364.1 OT=65.9% eps=0.4605
14:28:12 | [Full QMIX | train ep800/3000] J=359.3 OT=64.9% eps=0.4491
14:33:19 | [Full QMIX | train ep825/3000] J=348.6 OT=64.7% eps=0.4381
14:38:38 | [Full QMIX | train ep850/3000] J=320.5 OT=65.1% eps=0.4272
14:44:15 | [Full QMIX | train ep875/3000] J=344.9 OT=63.6% eps=0.4167
14:49:26 | [Full QMIX | train ep900/3000] J=354.8 OT=64.0% eps=0.4064
14:55:02 | [Full QMIX | train ep925/3000] J=374.6 OT=64.4% eps=0.3963
15:00:29 | [Full QMIX | train ep950/3000] J=379.1 OT=63.9% eps=0.3866
15:05:42 | [Full QMIX | train ep975/3000] J=383.8 OT=63.4% eps=0.3770
15:11:00 | [Full QMIX | train ep1000/3000] J=381.7 OT=63.3% eps=0.3677
15:15:58 | [Full QMIX | train ep1025/3000] J=342.2 OT=64.0% eps=0.3586
15:31:30 | [Full QMIX | train ep1050/3000] J=324.0 OT=65.6% eps=0.3498
15:46:36 | [Full QMIX | train ep1075/3000] J=320.2 OT=66.1% eps=0.3411
16:07:36 | [Full QMIX | train ep1100/3000] J=314.8 OT=65.4% eps=0.3327
16:28:49 | [Full QMIX | train ep1125/3000] J=322.3 OT=65.5% eps=0.3245
16:42:42 | [Full QMIX | train ep1150/3000] J=338.9 OT=65.6% eps=0.3165
16:57:46 | [Full QMIX | train ep1175/3000] J=340.6 OT=65.7% eps=0.3086
17:11:08 | [Full QMIX | train ep1200/3000] J=343.0 OT=64.8% eps=0.3010
17:28:50 | [Full QMIX | train ep1225/3000] J=351.3 OT=64.0% eps=0.2936
17:50:11 | [Full QMIX | train ep1250/3000] J=331.1 OT=64.2% eps=0.2863
18:15:24 | [Full QMIX | train ep1275/3000] J=315.2 OT=64.9% eps=0.2793
18:39:26 | [Full QMIX | train ep1300/3000] J=323.0 OT=67.2% eps=0.2724
18:54:52 | [Full QMIX | train ep1325/3000] J=323.2 OT=67.1% eps=0.2656
19:16:29 | [Full QMIX | train ep1350/3000] J=329.5 OT=67.3% eps=0.2591
19:34:09 | [Full QMIX | train ep1375/3000] J=325.5 OT=67.5% eps=0.2527
20:02:34 | [Full QMIX | train ep1400/3000] J=320.4 OT=66.5% eps=0.2464
20:25:46 | [Full QMIX | train ep1425/3000] J=327.3 OT=68.1% eps=0.2403
20:42:13 | [Full QMIX | train ep1450/3000] J=322.8 OT=68.0% eps=0.2344
20:56:58 | [Full QMIX | train ep1475/3000] J=325.8 OT=68.4% eps=0.2286
21:10:28 | [Full QMIX | train ep1500/3000] J=323.8 OT=68.7% eps=0.2230
21:28:38 | [Full QMIX | train ep1525/3000] J=316.5 OT=68.0% eps=0.2175
21:51:45 | [Full QMIX | train ep1550/3000] J=312.6 OT=67.8% eps=0.2121
22:14:56 | [Full QMIX | train ep1575/3000] J=321.9 OT=66.0% eps=0.2068
22:28:00 | [Full QMIX | train ep1600/3000] J=324.0 OT=64.4% eps=0.2017
22:33:42 | [Full QMIX | train ep1625/3000] J=332.8 OT=64.2% eps=0.1968
22:39:22 | [Full QMIX | train ep1650/3000] J=357.0 OT=62.2% eps=0.1919
22:44:46 | [Full QMIX | train ep1675/3000] J=343.8 OT=63.2% eps=0.1872
22:49:58 | [Full QMIX | train ep1700/3000] J=350.6 OT=64.1% eps=0.1825
22:55:25 | [Full QMIX | train ep1725/3000] J=323.2 OT=65.5% eps=0.1780
23:00:14 | [Full QMIX | train ep1750/3000] J=296.2 OT=67.2% eps=0.1736
23:05:53 | [Full QMIX | train ep1775/3000] J=286.4 OT=67.3% eps=0.1693
23:11:23 | [Full QMIX | train ep1800/3000] J=271.8 OT=67.4% eps=0.1652
23:16:19 | [Full QMIX | train ep1825/3000] J=289.0 OT=67.0% eps=0.1611
23:21:22 | [Full QMIX | train ep1850/3000] J=291.2 OT=67.4% eps=0.1571
23:27:12 | [Full QMIX | train ep1875/3000] J=304.2 OT=67.2% eps=0.1532
23:32:41 | [Full QMIX | train ep1900/3000] J=342.5 OT=65.9% eps=0.1494
23:38:47 | [Full QMIX | train ep1925/3000] J=352.1 OT=64.6% eps=0.1457
23:44:13 | [Full QMIX | train ep1950/3000] J=364.4 OT=64.9% eps=0.1421
23:49:31 | [Full QMIX | train ep1975/3000] J=344.3 OT=66.2% eps=0.1386
23:54:52 | [Full QMIX | train ep2000/3000] J=314.5 OT=65.8% eps=0.1352
00:00:07 | [Full QMIX | train ep2025/3000] J=302.6 OT=66.3% eps=0.1319
00:05:38 | [Full QMIX | train ep2050/3000] J=317.7 OT=64.9% eps=0.1286
00:11:11 | [Full QMIX | train ep2075/3000] J=335.8 OT=63.2% eps=0.1254
00:16:46 | [Full QMIX | train ep2100/3000] J=324.8 OT=66.1% eps=0.1223
00:22:28 | [Full QMIX | train ep2125/3000] J=332.5 OT=65.3% eps=0.1193
00:27:59 | [Full QMIX | train ep2150/3000] J=328.7 OT=65.4% eps=0.1164
